
> codesketch@1.0.0 verify
> node tools/verify.mjs && node --test tests/*.test.mjs apps/studio/tests/*.test.mjs && node tools/verify-go.mjs

Verification passed: architecture, supply chain, and syntax clean.
✔ capture contract covers all six drawing command kinds (1.027166ms)
✔ capture wire fixture matches an actual paused Session: stroke (3.413458ms)
✔ capture wire fixture matches an actual paused Session: rect (0.611542ms)
✔ capture wire fixture matches an actual paused Session: ellipse (0.650625ms)
✔ capture wire fixture matches an actual paused Session: fill (0.497625ms)
✔ capture wire fixture matches an actual paused Session: layer.add (0.585708ms)
✔ capture wire fixture matches an actual paused Session: layer.update (0.557417ms)
▶ session playback control guard
  ✔ fresh sessions submit with current context and auto-play (1.813667ms)
  ✔ human pause invalidates and rejects contextless agent batches (0.793208ms)
  ✔ staging with current context works, never commits or bumps (0.519834ms)
  ✔ authorized agent play:true continues from paused; stale epoch fails while playing (0.463042ms)
  ✔ human source submissions stay paused and keep the pause sticky (8.231958ms)
  ✔ human resume authorizes pending and the grant spans batches while playing (0.429ms)
  ✔ manual human immediate supersedes and revokes the agent grant (0.265792ms)
  ✔ agent pause is a sticky stop; agent resume and undo need execution grants, clear needs staging context (0.73325ms)
  ✔ human and agent step commit one command with distinct grant effects (0.267ms)
  ✔ failed batches leave epoch and history untouched (0.729417ms)
  ✔ new and load rotate generation with the documented grant state (1.714958ms)
  ✔ comments pause and invalidate; capacity failures stay atomic (16.856583ms)
  ✔ artRevision tracks rendered artwork, not control traffic (0.482417ms)
✔ session playback control guard (35.108ms)
✔ legacy nullable comment metadata is rejected (2.273291ms)
✔ normalizeComments validates the rich schema and rejects malformed sets (1.008792ms)
✔ comment rects must be integer regions inside the 1000x700 canvas (0.892375ms)
✔ visible layers keep order, need unique ids and opacity in (0,1] (1.033917ms)
✔ stored request metadata is validated and request ids stay unique per set (0.240042ms)
✔ comment sets are capped at 100 items (0.137583ms)
✔ prepareComment appends a normalized open comment with server-side visible layers (3.256625ms)
✔ prepareComment builds a deterministic fingerprint covering the captured context (0.267667ms)
✔ prepareComment never mutates its inputs (0.212292ms)
✔ a repeated request id dedupes after the generation check but before the art check (0.272542ms)
✔ a repeated request id with a changed payload is a 409 conflict (0.238209ms)
✔ new requests must match the current generation and art revision (0.123291ms)
✔ prepareComment rejects a 101st comment (0.388208ms)
✔ comments move ack -> address -> resolve with fresh seq and timestamps (0.268625ms)
✔ repeated same-state actions are idempotent when the seq matches (0.120541ms)
✔ stale seqs, unknown ids and invalid transitions fail loudly (0.143459ms)
✔ transitions never mutate the source comments and bump seq past every item (0.11ms)
✔ polling without a cursor returns everything with reset (4.379167ms)
✔ an empty set polls cleanly (0.139833ms)
✔ a matching cursor returns only later comments and keeps reset false (0.153833ms)
✔ mismatched instance, generation, ahead seq or malformed cursors reset the full list (0.265333ms)
✔ ControlGrant docGeneration drives prepareComment and polling end to end (3.730625ms)
✔ canvasPoint converts viewport coordinates at natural size (1.724709ms)
✔ canvasPoint uses the default 1000x700 document (0.089375ms)
✔ canvasPoint maps a resized, offset canvas to document coordinates (0.089ms)
✔ canvasPoint rounds fractional conversions to integers (0.069833ms)
✔ canvasPoint clamps points outside the canvas bounds (0.071625ms)
✔ canvasPoint is stable across resizes of the same document point (0.067458ms)
✔ selectionRect normalizes every drag direction (0.106583ms)
✔ selectionRect returns integers for integer points (0.063625ms)
✔ selectionRect rejects zero-area selections (0.098458ms)
✔ a drag across a resized canvas yields the whole document rect (0.120209ms)
▶ ControlGrant
  ✔ fresh sessions require matching generation and epoch even without an active grant (1.9375ms)
  ✔ snapshot is a detached copy of all fields (0.77625ms)
  ✔ invalidate denies stale generation and epoch, even staging (0.197333ms)
  ✔ paused staging accepts current context without token but denies execute (0.129375ms)
  ✔ authorize issues token usable repeatedly across batches while playing (2.358375ms)
  ✔ invalidate revokes an authorized token (0.528083ms)
  ✔ reset rotates docGeneration and honors paused flag (0.340125ms)
  ✔ malformed source and context are rejected with 409 and no mutation (0.779417ms)
  ✔ human source is trusted without auth context (0.127792ms)
  ✔ snapshot detachment cannot corrupt internal activeGrant (0.196709ms)
✔ ControlGrant (8.816792ms)
✔ comment posts validate requestId and generation, then dedupe identical retries (30.56875ms)
✔ visible layers come from the server document, not the caller (6.409583ms)
✔ a comment pauses with queue kept, continuePlayback clears it and grants the agent (11.173917ms)
✔ lifecycle transitions over HTTP: idempotency, stale 409, reopen, 404 and 400 (15.205833ms)
✔ only polls mark the heartbeat; reads and lifecycle never do; new clears it (7.766833ms)
✔ poll cursors survive until load or new, and projects roundtrip comments (12.795542ms)
✔ retired feedback endpoint is gone and snapshots carry no feedback projection (4.0065ms)
✔ v1 projects are rejected, never converted (0.953125ms)
✔ saved v2 fields commands, cursor, queue and comments are required (0.166042ms)
✔ legacy nullable comment metadata is rejected (1.384ms)
✔ v2 save-like roundtrips preserve rich comment detail exactly (0.227167ms)
✔ visible layer context survives with order, bounds and opacity rules (0.175833ms)
✔ unknown versions, malformed comments, and duplicates are rejected (1.239834ms)
✔ transient grant and heartbeat fields are ignored, never serialized (0.564291ms)
✔ raw 8 MiB import limit rejects, junk padding is dropped, budgets stay exported (46.118333ms)
✔ after a human pause agent new/load/demo/undo/redo reject 409 atomically and reset nothing (73.084625ms)
✔ wrapped human load and human demo are permitted, land paused, and clear the heartbeat (10.665708ms)
✔ an active grant authorizes the agent reset over HTTP and spent grants go stale (5.25425ms)
▶ guarded resets, loads, and load-adjacent control actions
  ✔ after a human pause agent new/undo/redo/load reject contextless, stale, and current-no-token 409 atomically (2.496166ms)
  ✔ a valid active grant permits agent undo/redo/new/load and undo consumes the grant (0.584917ms)
  ✔ human new and load stay trusted; successful load pauses with the grant cleared (3.805208ms)
  ✔ fresh sessions reject missing or stale agent context and accept matching fresh context (0.38925ms)
  ✔ the load guard runs before validation and project payload metadata never impersonates a trusted caller (0.714417ms)
✔ guarded resets, loads, and load-adjacent control actions (9.152416ms)
▶ session comments integration
  ✔ comment metadata records the visible composite, not just the active layer (5.265792ms)
  ✔ hidden and zero-opacity layers are excluded from comment metadata (0.347834ms)
  ✔ paused create then duplicate is entirely side-effect free (0.543208ms)
  ✔ stale context after a visibility mutation is rejected with 409 (0.284125ms)
  ✔ continuePlayback comment clears active and queue and authorizes once (0.609208ms)
  ✔ duplicate comment retry after playback resumed returns the original untouched (0.217ms)
  ✔ a later human pause cancels the grant and old batches fail with 409 (0.241125ms)
  ✔ lifecycle transitions, project v2, and load rotate generation and clear requests (0.775125ms)
  ✔ comment projection, unique requestIds, and capacity stay atomic (41.394708ms)
  ✔ pollComments returns cursor, comments, and grant fields without emitting (0.858625ms)
✔ session comments integration (52.448792ms)
✔ default document exposes version, canvas, background, base layer and empty marks (2.521583ms)
✔ valid stroke normalizes command and never mutates the input document (1.214917ms)
✔ invalid batch is atomic: it throws and leaves the source document unchanged (0.642375ms)
✔ rejects out-of-range coordinates, malformed colors and unknown brushes (1.472625ms)
✔ rejects unknown layers for marks and duplicate ids for layer.add (0.53325ms)
✔ layer.add, layer.update and mark replay to an equivalent final document (0.31625ms)
✔ stroke point count is capped at LIMITS.points per stroke (1.877292ms)
✔ total point budget across a batch enforces LIMITS.totalPoints (48.876167ms)
✔ human finish over HTTP completes the queue atomically and revokes grants (39.499541ms)
✔ guarded agent finish with a current execution grant succeeds (6.242333ms)
✔ agent finish with a stale epoch is rejected with 409 and keeps the queue (25.783333ms)
✔ human finish on an empty pending queue is a no-op (51.232292ms)
▶ atomic finish control
  ✔ human finish mid-play commits 108 mixed commands in order exactly once (6.41175ms)
  ✔ human finish from paused partial matches ticked playback exactly (4.827666ms)
  ✔ each finished command stays individually undoable (0.93275ms)
  ✔ finish completes a lone active preview with an empty queue (0.604334ms)
  ✔ finish discards the redo tail like an ordinary commit (1.630958ms)
  ✔ empty pending after authorization is an exact no-op (0.592375ms)
  ✔ agent finish requires current context plus execution grant and stays paused (0.4685ms)
  ✔ stale or missing context and grants are rejected with 409 and change nothing (1.07975ms)
  ✔ a malformed late queued command aborts finish with the full snapshot intact (0.315334ms)
  ✔ an exhausted project budget aborts finish with the full snapshot intact (57.898416ms)
✔ atomic finish control (76.296458ms)
✔ root and removed UI assets return JSON 404 while retained modules serve (51.880791ms)
✔ blocks host rebinding, foreign origins, and cross-site fetch metadata (5.811416ms)
✔ refuses text/plain posts, malformed JSON, and unknown commands atomically (11.583708ms)
✔ blocks dot-dot traversal, source exfiltration, and encoded escapes (6.821958ms)
✔ retired feedback route is gone and project loads demand the wrapper plus context (6.558917ms)
✔ valid commands commit immediately, comments pause, and projects roundtrip (22.057ms)
✔ conditional GET returns unchanged only for matching revision and instanceId (6.275833ms)
✔ wrong instanceId at the same revision still returns full state (7.265584ms)
✔ revision advances across mutations while instanceId stays stable (16.91875ms)
▶ lifecycle http helpers
  ✔ validateLifecycle accepts and freezes exactly the approved pair (2.335958ms)
  ✔ validateLifecycle rejects wrong shapes with statusCode 400 (0.544917ms)
  ✔ authorizeLifecycle passes a clean loopback browser-free request (22.914958ms)
  ✔ authorizeLifecycle complements real HTTP with peer unit cases (0.196459ms)
  ✔ authorizeLifecycle rejects forbidden auth variants over real HTTP with 403 (28.324459ms)
  ✔ readLifecycleStop consumes bounded bodies and enforces shape and identity (20.67425ms)
✔ lifecycle http helpers (76.796208ms)
▶ transport lifecycle integration
  ✔ unmanaged studios keep routes unavailable and stay ready without markReady (33.068584ms)
  ✔ managed readiness gates status, mutations and ticks behind markReady (75.520583ms)
  ✔ invalid lifecycle config rejects createStudio before any listener (2.169584ms)
  ✔ stop preserves partial preview and queue while pausing and revoking grants (45.378292ms)
  ✔ a late awaited body write is rejected with 503 after stop engages (2046.976583ms)
  ✔ concurrent valid stops coalesce into one attempt and share acknowledgements (2046.622583ms)
  ✔ a pause failure clears the gate and the attempt stays retryable (2.233167ms)
  ✔ a flush failure returns 500, clears the gate and leaves a paused live studio (132.800125ms)
  ✔ status identity stays stable after the listener closes (1.146791ms)
✔ transport lifecycle integration (4387.93575ms)
▶ managed flush failure preservation
  ✔ SIGTERM reports the failed flush and preserves the live paused studio (773.396958ms)
  ✔ SIGINT reports the failed flush and preserves the live paused studio (615.72475ms)
  ✔ an authenticated HTTP stop failure returns 500 and preserves the live paused studio (582.597166ms)
✔ managed flush failure preservation (1972.841542ms)
▶ managed launch input
  ✔ consumes chunked valid input and returns the parsed object (15.632375ms)
  ✔ rejects every bad shape with the same generic message (14.55025ms)
  ✔ errors never echo secrets or input fragments (1.185792ms)
✔ managed launch input (47.125333ms)
▶ managed resource validation
  ✔ accepts a private data directory with the inherited lease and FIFO pipe (106.95175ms)
  ✔ rejects missing lease, foreign lease, non-FIFO readiness and bad directory state (346.465417ms)
✔ managed resource validation (453.779167ms)
▶ managed publication failure evidence
  ✔ a pre-existing different record refuses publication after listening and preserves its bytes (300.545208ms)
  ✔ malformed private recovery fails startup before listening and preserves its bytes (237.450084ms)
  ✔ an injected directory sync failure after rename removes the matching record and preserves recovery (272.12275ms)
✔ managed publication failure evidence (812.147ms)
▶ managed bootstrap
  ✔ a managed launch publishes ownership, signals readiness and stops cleanly (348.580625ms)
  ✔ a wrong digest fails startup without publishing anything (266.712875ms)
  ✔ a broken readiness pipe leaves the healthy service discoverable (330.201792ms)
  ✔ SIGTERM flushes, removes the record and exits cleanly (302.309083ms)
  ✔ malformed input fails generically without echoing secrets (176.354625ms)
✔ managed bootstrap (1426.00975ms)
▶ ownership records
  ✔ validateRecord accepts the exact schema and rejects everything else (1.422542ms)
  ✔ publishes durably, refuses any preexisting record and reads back exactly (24.217834ms)
  ✔ reading rejects private, symlinked, malformed, unknown and oversized records (36.42825ms)
  ✔ removal matches the full identity and preserves different records (24.141ms)
  ✔ publish cleans up its unpublished temp and refuses symlinked record paths (8.4995ms)
✔ ownership records (98.338958ms)
▶ recovery snapshot and restoreRecovery semantics
  ✔ recovery() is a detached snapshot of project, active progress, and speed (8.55275ms)
  ✔ restoreRecovery rebuilds exact paused state before any visible mutation (1.192417ms)
  ✔ restored preview completes into the same history as uninterrupted playback (0.819875ms)
  ✔ every command kind may own the active head with derived duration (0.599125ms)
  ✔ active null restores the whole queue paused (0.149584ms)
  ✔ malformed recovery leaves the whole session unchanged (43.676583ms)
✔ recovery snapshot and restoreRecovery semantics (56.644ms)
▶ playbackDuration central formula
  ✔ applies the 120 ms floor to point-free and tiny commands (0.540666ms)
  ✔ derives Math.max(120, distance / 0.55) from point path length (0.102584ms)
  ✔ live ticks reuse the same duration (0.906459ms)
✔ playbackDuration central formula (2.398125ms)
▶ validateRecovery strict envelope
  ✔ accepts a live recovery snapshot and returns a normalized payload (1.248459ms)
  ✔ rejects unknown, missing, or non-object envelope shapes (0.441667ms)
  ✔ rejects other formats and versions without migration (0.160125ms)
  ✔ active accepts only exactly { progress } finite in [0, 1) with a queued head (0.306083ms)
  ✔ speed must be finite within [0.25, 8] (0.181459ms)
  ✔ bounds the complete envelope to 8 MiB before structural checks (15.054167ms)
  ✔ retains nested v2 project validation (0.254042ms)
✔ validateRecovery strict envelope (17.978291ms)
▶ recovery flush and strict envelope persistence
  ✔ restores exact partial preview, history, queue and speed from a strict snapshot (25.775125ms)
  ✔ malformed, foreign-format and stale-version files reject startup and stay preserved (13.242917ms)
  ✔ explicit flush failure rejects while the prior recovery file remains (12.407541ms)
  ✔ newest snapshot wins when writes queue behind each other (93.366334ms)
  ✔ explicit flush serialization failures reject and surface the storage error (44.717834ms)
  ✔ a stale temp symlink is never followed while recovery still publishes (18.272667ms)
  ✔ failed write or sync cleans up its owned temp and preserves the prior file (42.521917ms)
  ✔ a later successful write clears storageError and recovers persistence (104.446583ms)
  ✔ failed domain requests never touch the recovery file (114.411625ms)
  ✔ a persistence failure returns 500 while the applied mutation remains in memory (13.539125ms)
✔ recovery flush and strict envelope persistence (485.601333ms)
▶ recovery and bounded direction regressions
  ✔ raw imported poison is normalized and timer catch pauses/exposes error (94.765291ms)
  ✔ byte budget atomic rejection and roundtrip (339.571375ms)
  ✔ comment capacity and budget failures stay atomic on paused sessions (322.390833ms)
  ✔ persistence recover paused, size rejection, coalescing, and flush (124.820959ms)
✔ recovery and bounded direction regressions (882.838666ms)
▶ runtime manifest verification
  ✔ verifies a complete canonical runtime and returns the digest (25.330708ms)
  ✔ verification is independent of the process working directory (30.00925ms)
  ✔ rejects malformed expected digests before reading anything (12.671458ms)
  ✔ rejects manifest bytes that do not hash to the expected digest (7.196708ms)
  ✔ rejects noncanonical encodings and schema violations (17.180292ms)
  ✔ rejects unsorted and duplicate inventories (37.467375ms)
  ✔ rejects runtime trees that deviate from the inventory (149.096583ms)
  ✔ rejects a manifest that lists itself in the inventory (6.831583ms)
✔ runtime manifest verification (288.957709ms)
✔ progressive tick animates an active command partially, then commits it (1.711541ms)
✔ explicit human pause stays sticky for human batches while agents need grants (0.502792ms)
✔ comments land only while paused and record the painter cursor (3.315583ms)
✔ step commits exactly one pending command and stays paused (0.264833ms)
✔ replace cancels old pending work but keeps already completed marks (1.528667ms)
✔ invalid submit rejects the whole batch atomically (0.412542ms)
✔ immediate submit commits everything at once and pauses (0.171083ms)
✔ undo/redo moves the cursor and a v2 project roundtrips into a new session (0.565667ms)
✔ auto-selects newly added top layer when no local draft is active (1.214084ms)
✔ preserves explicit layer selection during ordinary animation snapshots (0.147583ms)
✔ does not auto-select new layer if local draft is currently active (0.111666ms)
✔ falls back to top layer if selected layer is removed (1.084834ms)
✔ Go environment disables downloads, workspace files, persistent flags and build overrides (2.06ms)
✔ accepts a complete isolated module with canonical assets and real resolved inventory (1041.633209ms)
✔ manifest rejects dependency, replacement, toolchain and module changes (31.883625ms)
✔ rejects lockfiles, vendoring and nested workspaces/modules anywhere in source (50.41125ms)
✔ ignores generated binary/artifact directories (15.444875ms)
✔ module and package inventory reject replacements and external directories (12.029583ms)
✔ parses Go imports across comments, aliases and platform-excluded sources (13.036ms)
✔ enforces source ceiling and approved package contexts (29.922584ms)
✔ enforces package dependency direction for assets, entrypoint and nested contexts (1.845708ms)
✔ asset packages cannot import CLI or application packages from source (32.105667ms)
✔ requires exact canonical renderer, guide and artist skill embeds (87.978041ms)
✔ artist skill policy rejects missing references, extra resolved files and renamed declarations (5.786042ms)
✔ source allowlist rejects stray and wildcard artist skill embeds including excluded sources (27.743708ms)
✔ real inventory rejects an additional artist skill embed (864.7305ms)
✔ Make shares one policy prerequisite across build, install and verification (26.607833ms)
✔ rejects unformatted Go source through the real installed formatter (773.42925ms)
✔ decodes streamed Go inventory with quoted braces and rejects malformed output (0.273875ms)
✔ allows precisely the embedded capture page canonical renderer import (225.53375ms)
✔ embedded route mapping rejects other importers, paths and missing canonical source (614.794333ms)
✔ rejects multiline remote static imports (203.549792ms)
✔ rejects multiline bare third-party imports (185.879625ms)
✔ rejects CSS @import with quoted remote URL (134.588417ms)
✔ rejects the bundleDependencies alias in package.json (113.02575ms)
✔ rejects npm-shrinkwrap.json and bun.lock lockfiles (221.320875ms)
✔ rejects external dependencies and workspaces in any discovered package.json (307.118041ms)
✔ rejects nested and alternate lockfiles anywhere in the repository (273.0965ms)
✔ rejects eval in .js sources now that they are checked (174.148ms)
✔ rejects cross nested-context imports that bypass index.mjs (205.381166ms)
✔ rejects literal third-party require() in .cjs sources (153.947333ms)
✔ accepts legitimate local multiline imports, builtins, and data assets (454.096041ms)
✔ lifecycle context may import studio assets and keeps every other boundary (9.9445ms)
✔ studio runtime inventory requires an embed for every source and public file (5.678458ms)
✔ studio assets reject wildcard, directory, and unexpected test embeds (21.944833ms)
✔ studio runtime inventory rejects unexpected non-module and unsafe src paths (21.910417ms)
✔ guidance markdown anywhere in the runtime tree is never shipped (12.874ms)
✔ parsePort defaults to 0 and accepts the registered port range (0.731458ms)
✔ parsePort rejects malformed, privileged, oversized, and production ports (0.390958ms)
✔ launcher serves an in-memory studio on an ephemeral port and exits cleanly on SIGTERM (128.067042ms)
✔ launcher exits cleanly on SIGINT (122.706291ms)
✔ launcher runs on PORT=N and refuses the production port before listening (91.320333ms)
✔ launcher rejects any command-line arguments with concise PORT usage (234.197083ms)
✔ launcher rejects other invalid PORT values with actionable errors (297.481542ms)
ℹ tests 254
ℹ suites 19
ℹ pass 254
ℹ fail 0
ℹ cancelled 0
ℹ skipped 0
ℹ todo 0
ℹ duration_ms 5329.463292
Go policy passed: 120 source files, 229 resolved packages, canonical renderer embeds.
?   	github.com/ChrisMckerracher/codesketch/apps/paint/cmd/paint	[no test files]
ok  	github.com/ChrisMckerracher/codesketch/apps/paint/internal/cli	9.643s
ok  	github.com/ChrisMckerracher/codesketch/apps/paint/internal/cli/capture	15.759s
ok  	github.com/ChrisMckerracher/codesketch/apps/paint/internal/cli/input	(cached)
ok  	github.com/ChrisMckerracher/codesketch/apps/paint/internal/cli/lifecycle	21.377s
ok  	github.com/ChrisMckerracher/codesketch/apps/paint/internal/cli/parse	(cached)
ok  	github.com/ChrisMckerracher/codesketch/apps/paint/internal/cli/transport	(cached)
ok  	github.com/ChrisMckerracher/codesketch/apps/studio	(cached)
?   	github.com/ChrisMckerracher/codesketch/docs	[no test files]
Go verification passed: formatting, policy, vet and race tests.
